// Jest Snapshot v1, https://goo.gl/fbAQLP

exports[`AddPostForm component renders a form.AddPostForm by default 1`] = `
<Fragment>
  <div
    role="alert"
  />
  <div
    className="AddPost__form_contaner"
  >
    <form
      className="AddPost__form"
      onSubmit={[Function]}
    >
      <button
        className="go_back_button"
        onClick={[Function]}
      >
        <FontAwesomeIcon
          border={false}
          className="arrow-alt-circle-left"
          fixedWidth={false}
          flip={null}
          icon="arrow-alt-circle-left"
          inverse={false}
          listItem={false}
          mask={null}
          pull={null}
          pulse={false}
          rotation={null}
          size="3x"
          spin={false}
          swapOpacity={false}
          symbol={false}
          title=""
          transform={null}
        />
      </button>
      <input
        className="AddPost__input"
        id="post_input_field"
        onChange={[Function]}
        placeholder="post title"
        type="text"
      />
      <label
        htmlFor="folder_select_menu"
        id="folder_select_menu_label"
      >
        select folder
      </label>
      <select
        className="AddPost__select"
        id="folder_select_menu"
        onChange={[Function]}
      />
      <label
        htmlFor="post_visibility_option"
        id="folder_select_menu_label"
      >
        select visibility
      </label>
      <select
        className="AddPost__select"
        id="post_visibility_option"
        onChange={[Function]}
      >
        <option
          className="AddPost__option"
          key="Private"
          value="Private"
        >
          Private
        </option>
        <option
          className="AddPost__option"
          key="Public"
          value="Public"
        >
          Public
        </option>
      </select>
      <textarea
        className="AddPost__textarea"
        id="content_area"
        onChange={[Function]}
        placeholder="add some content..."
        type="text"
      />
      <button
        className="AddPost__button"
        disabled={true}
        type="submit"
      >
        submit
      </button>
    </form>
  </div>
</Fragment>
`;

exports[`AddPostForm component renders the AddPostForm given props 1`] = `
<Fragment>
  <div
    role="alert"
  />
  <div
    className="AddPost__form_contaner"
  >
    <form
      className="AddPost__form"
      onSubmit={[Function]}
    >
      <button
        className="go_back_button"
        onClick={[Function]}
      >
        <FontAwesomeIcon
          border={false}
          className="arrow-alt-circle-left"
          fixedWidth={false}
          flip={null}
          icon="arrow-alt-circle-left"
          inverse={false}
          listItem={false}
          mask={null}
          pull={null}
          pulse={false}
          rotation={null}
          size="3x"
          spin={false}
          swapOpacity={false}
          symbol={false}
          title=""
          transform={null}
        />
      </button>
      <input
        className="AddPost__input"
        id="post_input_field"
        onChange={[Function]}
        placeholder="post title"
        type="text"
      />
      <label
        htmlFor="folder_select_menu"
        id="folder_select_menu_label"
      >
        select folder
      </label>
      <select
        className="AddPost__select"
        id="folder_select_menu"
        onChange={[Function]}
      />
      <label
        htmlFor="post_visibility_option"
        id="folder_select_menu_label"
      >
        select visibility
      </label>
      <select
        className="AddPost__select"
        id="post_visibility_option"
        onChange={[Function]}
      >
        <option
          className="AddPost__option"
          key="Private"
          value="Private"
        >
          Private
        </option>
        <option
          className="AddPost__option"
          key="Public"
          value="Public"
        >
          Public
        </option>
      </select>
      <textarea
        className="AddPost__textarea"
        id="content_area"
        onChange={[Function]}
        placeholder="add some content..."
        type="text"
      />
      <button
        className="AddPost__button"
        disabled={true}
        type="submit"
      >
        submit
      </button>
    </form>
  </div>
</Fragment>
`;
